../Core/Src/app.c:44:13:UART_Print	16	static
../Core/Src/app.c:49:13:UART_PrintUInt	32	static
../Core/Src/app.c:56:20:StateName	16	static
../Core/Src/app.c:69:13:LED_Update	16	static
../Core/Src/app.c:80:17:ADC_Read	16	static
../Core/Src/app.c:96:16:ADC_To_PWM	16	static
../Core/Src/app.c:104:13:ADC_Process	16	static
../Core/Src/app.c:117:13:Button_Init	8	static
../Core/Src/app.c:124:13:Button_StartPressed	16	static
../Core/Src/app.c:142:13:TryTransition	32	static,ignoring_inline_asm
../Core/Src/app.c:155:13:StartMotor	24	static,ignoring_inline_asm
../Core/Src/app.c:174:13:FSM_Update	16	static
../Core/Src/app.c:210:13:PrintStatus	16	static
../Core/Src/app.c:226:13:Cmd_F	8	static
../Core/Src/app.c:244:13:Cmd_S	8	static
../Core/Src/app.c:254:13:Cmd_Reset	24	static,ignoring_inline_asm
../Core/Src/app.c:277:13:UART_ProcessCommand	16	static
../Core/Src/app.c:289:13:UART_Poll	16	static
../Core/Src/app.c:323:6:App_Init	8	static
../Core/Src/app.c:351:13:Diag_ForceRunning	8	static
../Core/Src/app.c:364:6:App_Run	16	static
../Core/Src/app.c:392:6:HAL_GPIO_EXTI_Callback	16	static
../Core/Src/app.c:404:6:HAL_UART_RxCpltCallback	24	static
../Core/Src/app.c:417:6:HAL_UART_ErrorCallback	16	static
